WAS A |ASAW
WAS RAW | WARSAW
WAS RAW |WARSAW
WAS REVOIR |RI OVERSAW
WAS REVOI| I OVERSAW
WAS REVOKE |EK OVERSAW
WAS REVOLT |TL OVERSAW
WAS | SAW
WASA| A SAW
WASH A |AH SAW
WASH AA| AAH SAW
WASH AD |DAH SAW
WASH AH |HAH SAW
WASH AH| HAH SAW
WASH AI |IAH SAW
WASH AIM |MIAH SAW
WASH AIR |RIAH SAW
WASH AL |LAH SAW
WASH ALB| BLAH SAW
WASH ALI |ILAH SAW
WASH ALL |LLAH SAW
WASH ALLA| ALLAH SAW
WASH ALLOT |TOLLAH SAW
WASH AN |NAH SAW
WASH ANN |NNAH SAW
WASH ANNA |ANNAH SAW
WASH AN| NAH SAW
WASH AS |SAH SAW
WASH ASS |SSAH SAW
WASH AT |TAH SAW
WASH ATE |ETAH SAW
WASH AY| YAH SAW
WASH A| AH SAW
WASH CAB |BACH SAW
WASH CAB| BACH SAW
WASH CAE| EACH SAW
WASH CALL |LLACH SAW
WASH CAM |MACH SAW
WASH CAM| MACH SAW
WASH CAN |NACH SAW
WASH CAT |TACH SAW
WASH CEM| MECH SAW
WASH CET| TECH SAW
WASH CIR| RICH SAW
WASH CLUM| MULCH SAW
WASH COD |DOCH SAW
WASH COK| KOCH SAW
WASH CON |NOCH SAW
WASH CONE |ENOCH SAW
WASH CONE| ENOCH SAW
WASH COP |POCH SAW
WASH COPE |EPOCH SAW
WASH COPE| EPOCH SAW
WASH CRAM| MARCH SAW
WASH CRA| ARCH SAW
WASH CREP| PERCH SAW
WASH CRIB |BIRCH SAW
WASH CRIB| BIRCH SAW
WASH CROP |PORCH SAW
WASH CROP| PORCH SAW
WASH CROT| TORCH SAW
WASH CUE |EUCH SAW
WASH CUM |MUCH SAW
WASH CUM| MUCH SAW
WASH CURAB| BARUCH SAW
WASH CUS| SUCH SAW
WASH GA| AGH SAW
WASH GIN |NIGH SAW
WASH GIN| NIGH SAW
WASH GIS| SIGH SAW
WASH GRA| ARGH SAW
WASH GRUBS |SBURGH SAW
WASH GU| UGH SAW
WASH HS| SHH SAW
WASH HU| UHH SAW
WASH I |IH SAW
WASH NU| UNH SAW
WASH OO| OOH SAW
WASH O| OH SAW
WASH PA |APH SAW
WASH PAR |RAPH SAW
WASH PAT |TAPH SAW
WASH PET |TEPH SAW
WASH PETS |STEPH SAW
WASH PETS| STEPH SAW
WASH PI |IPH SAW
WASH P| PH SAW
WASH SAB| BASH SAW
WASH SAC| CASH SAW
WASH SAD |DASH SAW
WASH SAD| DASH SAW
WASH SAH| HASH SAW
WASH SAL |LASH SAW
WASH SALS| SLASH SAW
WASH SAL| LASH SAW
WASH SAM |MASH SAW
WASH SAMS| SMASH SAW
WASH SAM| MASH SAW
WASH SAN| NASH SAW
WASH SARC| CRASH SAW
WASH SART| TRASH SAW
WASH SAR| RASH SAW
WASH SAS| SASH SAW
WASH SAT |TASH SAW
WASH SATS| STASH SAW
WASH SAW |WASH SAW
WASH SAW| WASH SAW
WASH SA| ASH SAW
WASH SEE |EESH SAW
WASH SELF |FLESH SAW
WASH SELF| FLESH SAW
WASH SEM |MESH SAW
WASH SEM| MESH SAW
WASH SERF| FRESH SAW
WASH SID |DISH SAW
WASH SIDE |EDISH SAW
WASH SID| DISH SAW
WASH SIF| FISH SAW
WASH SILAS |SALISH SAW
WASH SILAS| SALISH SAW
WASH SILK |KLISH SAW
WASH SILL |LLISH SAW
WASH SILO |OLISH SAW
WASH SIN |NISH SAW
WASH SINE |ENISH SAW
WASH SIP |PISH SAW
WASH SIR |RISH SAW
WASH SIRE |ERISH SAW
WASH SIRI| IRISH SAW
WASH SIT |TISH SAW
WASH SITE |ETISH SAW
WASH SLEW |WELSH SAW
WASH SLEW| WELSH SAW
WASH SO |OSH SAW
WASH SOJ| JOSH SAW
WASH SOP| POSH SAW
WASH SUB |BUSH SAW
WASH SUBMA| AMBUSH SAW
WASH SUB| BUSH SAW
WASH SULF| FLUSH SAW
WASH SULP| PLUSH SAW
WASH SUL| LUSH SAW
WASH SUP |PUSH SAW
WASH SUP| PUSH SAW
WASH SURC| CRUSH SAW
WASH SUR| RUSH SAW
WASH TAB |BATH SAW
WASH TAB| BATH SAW
WASH TAH| HATH SAW
WASH TAIL |LIATH SAW
WASH TAL| LATH SAW
WASH TAM| MATH SAW
WASH TAO| OATH SAW
WASH TAP |PATH SAW
WASH TAP| PATH SAW
WASH TAR |RATH SAW
WASH TEE |EETH SAW
WASH TEET| TEETH SAW
WASH TEM| METH SAW
WASH TEN |NETH SAW
WASH TES| SETH SAW
WASH TIDE |EDITH SAW
WASH TIDE| EDITH SAW
WASH TIE |EITH SAW
WASH TIL |LITH SAW
WASH TIM |MITH SAW
WASH TIN |NITH SAW
WASH TINE |ENITH SAW
WASH TO |OTH SAW
WASH TOB| BOTH SAW
WASH TOD| DOTH SAW
WASH TOLS| SLOTH SAW
WASH TOM |MOTH SAW
WASH TOM| MOTH SAW
WASH TOO |OOTH SAW
WASH TOOT| TOOTH SAW
WASH TRAB| BARTH SAW
WASH TRAD| DARTH SAW
WASH TRAG| GARTH SAW
WASH TREB| BERTH SAW
WASH TRIBE |EBIRTH SAW
WASH TRIB| BIRTH SAW
WASH TRIF| FIRTH SAW
WASH TRIG| GIRTH SAW
WASH TRIM |MIRTH SAW
WASH TRIM| MIRTH SAW
WASH TROW| WORTH SAW
WASH TURT| TRUTH SAW
WASH TUR| RUTH SAW
WASH TWO |OWTH SAW
WASH TYM| MYTH SAW
WASH UH |HUH SAW
WASH UH| HUH SAW
WASH URB| BRUH SAW
WASH U| UH SAW
WASHA| AH SAW
WASHO| OH SAW
WASP A |AP SAW
WASP ACID |DICAP SAW
WASP ACON| NOCAP SAW
WASP ACT |TCAP SAW
WASP AC| CAP SAW
WASP AER| REAP SAW
WASP AG| GAP SAW
WASP AH |HAP SAW
WASP AL |LAP SAW
WASP ALC| CLAP SAW
WASP ALF| FLAP SAW
WASP ALS |SLAP SAW
WASP ALS| SLAP SAW
WASP AL| LAP SAW
WASP AM |MAP SAW
WASP AM| MAP SAW
WASP AN |NAP SAW
WASP AND |DNAP SAW
WASP ANKLE |ELKNAP SAW
WASP ANS| SNAP SAW
WASP AN| NAP SAW
WASP AP| PAP SAW
WASP ARC |CRAP SAW
WASP ARCS |SCRAP SAW
WASP ARCS| SCRAP SAW
WASP ARC| CRAP SAW
WASP ARE |ERAP SAW
WASP ART |TRAP SAW
WASP ARTS |STRAP SAW
WASP ARTS| STRAP SAW
WASP ART| TRAP SAW
WASP AR| RAP SAW
WASP AS |SAP SAW
WASP ASA| ASAP SAW
WASP AS| SAP SAW
WASP AT |TAP SAW
WASP ATE |ETAP SAW
WASP AT| TAP SAW
WASP EY| YEP SAW
WASP I |IP SAW
WASP ID |DIP SAW
WASP ID| DIP SAW
WASP ILL |LLIP SAW
WASP IL| LIP SAW
WASP IN |NIP SAW
WASP IR| RIP SAW
WASP IS |SIP SAW
WASP IS| SIP SAW
WASP IT |TIP SAW
WASP IT| TIP SAW
WASP IZ| ZIP SAW
WASP LEY| YELP SAW
WASP LUP| PULP SAW
WASP MA |AMP SAW
WASP MAC |CAMP SAW
WASP MAC| CAMP SAW
WASP MAD |DAMP SAW
WASP MAD| DAMP SAW
WASP MALC| CLAMP SAW
WASP MAL| LAMP SAW
WASP MARC |CRAMP SAW
WASP MARC| CRAMP SAW
WASP MART |TRAMP SAW
WASP MART| TRAMP SAW
WASP MAR| RAMP SAW
WASP MAT |TAMP SAW
WASP MATS |STAMP SAW
WASP MATS| STAMP SAW
WASP MA| AMP SAW
WASP ME |EMP SAW
WASP MEH| HEMP SAW
WASP MEK| KEMP SAW
WASP MET |TEMP SAW
WASP MET| TEMP SAW
WASP MIL| LIMP SAW
WASP MIS| SIMP SAW
WASP MOC| COMP SAW
WASP MOP| POMP SAW
WASP MUD |DUMP SAW
WASP MUD| DUMP SAW
WASP MUH| HUMP SAW
WASP MULC| CLUMP SAW
WASP MUL| LUMP SAW
WASP MUP| PUMP SAW
WASP OC| COP SAW
WASP OH |HOP SAW
WASP OH| HOP SAW
WASP OOC| COOP SAW
WASP OOH |HOOP SAW
WASP OOH| HOOP SAW
WASP OOL| LOOP SAW
WASP OOP| POOP SAW
WASP OP| POP SAW
WASP OR |ROP SAW
WASP ORC| CROP SAW
WASP ORD| DROP SAW
WASP ORP| PROP SAW
WASP OT| TOP SAW
WASP PA |APP SAW
WASP PA| APP SAW
WASP PI |IPP SAW
WASP PS| SPP SAW
WASP RAC| CARP SAW
WASP RAH| HARP SAW
WASP RAW |WARP SAW
WASP RAW| WARP SAW
WASP REP| PERP SAW
WASP ROC| CORP SAW
WASP SAG| GASP SAW
WASP SAL |LASP SAW
WASP SARG| GRASP SAW
WASP SAW |WASP SAW
WASP SAW| WASP SAW
WASP SIR |RISP SAW
WASP UH |HUP SAW
WASP UP |PUP SAW
WASP UP| PUP SAW
WASP US |SUP SAW
WASP US| SUP SAW
WASP U| UP SAW
WASPS A |ASP SAW
WASPS AG| GASP SAW
WASPS AL |LASP SAW
WASPS ALC| CLASP SAW
WASPS ARG| GRASP SAW
WASPS AW| WASP SAW
WASPS I |ISP SAW
WASTA| AT SAW
WASTE BIT |TIBET SAW
WASTE BIT| TIBET SAW
WASTE B| BET SAW
WASTE CAF| FACET SAW
WASTE DAC| CADET SAW
WASTE DIB| BIDET SAW
WASTE EB| BEET SAW
WASTE EF| FEET SAW
WASTE ELS| SLEET SAW
WASTE EM| MEET SAW
WASTE ERG| GREET SAW
WASTE EY| YEET SAW
WASTE GRAT| TARGET SAW
WASTE GUP| PUGET SAW
WASTE G| GET SAW
WASTE I |IET SAW
WASTE ID |DIET SAW
WASTE ID| DIET SAW
WASTE JOB |BOJET SAW
WASTE J| JET SAW
WASTE KRAM| MARKET SAW
WASTE LAV| VALET SAW
WASTE LEMO| OMELET SAW
WASTE LET |TELET SAW
WASTE LIF| FILET SAW
WASTE LLAM| MALLET SAW
WASTE L| LET SAW
WASTE MOC| COMET SAW
WASTE MOHAM| MAHOMET SAW
WASTE MR |RMET SAW
WASTE M| MET SAW
WASTE NEG| GENET SAW
WASTE NET |TENET SAW
WASTE NET| TENET SAW
WASTE NO |ONET SAW
WASTE NOR |RONET SAW
WASTE NORA |ARONET SAW
WASTE N| NET SAW
WASTE OP| POET SAW
WASTE PA |APET SAW
WASTE PAR |RAPET SAW
WASTE PARAP| PARAPET SAW
WASTE PRAC| CARPET SAW
WASTE P| PET SAW
WASTE SAT |TASET SAW
WASTE SEB| BESET SAW
WASTE SERP| PRESET SAW
WASTE SER| RESET SAW
WASTE SNI| INSET SAW
WASTE SNO| ONSET SAW
WASTE SO |OSET SAW
WASTE SPU| UPSET SAW
WASTE ST |TSET SAW
WASTE S| SET SAW
WASTE UNIM| MINUET SAW
WASTE VERB |BREVET SAW
WASTE VERB| BREVET SAW
WASTE VIR| RIVET SAW
WASTE V| VET SAW
WASTE W| WET SAW
WASTE Y| YET SAW
WASTEB| BET SAW
WASTED A |ADET SAW
WASTED AC| CADET SAW
WASTED I |IDET SAW
WASTED IB| BIDET SAW
WASTEL| LET SAW
WASTES A |ASET SAW
WASTES AT |TASET SAW
WASTES BUS |SUBSET SAW
WASTES BUS| SUBSET SAW
WASTES DNA |ANDSET SAW
WASTES EB| BESET SAW
WASTES ER| RESET SAW
WASTES NI| INSET SAW
WASTES NO |ONSET SAW
WASTES NO| ONSET SAW
WASTES PU| UPSET SAW
WASTES REM |MERSET SAW
WASTES ROC| CORSET SAW
WASTES SAB| BASSET SAW
WASTES SA| ASSET SAW
WASTES SUR| RUSSET SAW
WASTES | SET SAW
WASTES| SET SAW
WASTEW| WET SAW
WASTI| IT SAW
